#
# There is insufficient memory for the Java Runtime Environment to continue.
# Native memory allocation (malloc) failed to allocate 1862576 bytes. Error detail: Chunk::new
# Possible reasons:
#   The system is out of physical RAM or swap space
#   This process is running with CompressedOops enabled, and the Java Heap may be blocking the growth of the native heap
# Possible solutions:
#   Reduce memory load on the system
#   Increase physical memory or swap space
#   Check if swap backing store is full
#   Decrease Java heap size (-Xmx/-Xms)
#   Decrease number of Java threads
#   Decrease Java thread stack sizes (-Xss)
#   Set larger code cache with -XX:ReservedCodeCacheSize=
#   JVM is running with Unscaled Compressed Oops mode in which the Java heap is
#     placed in the first 4GB address space. The Java Heap base address is the
#     maximum limit for the native heap growth. Please use -XX:HeapBaseMinAddress
#     to set the Java Heap base and to place the Java Heap above 4GB virtual address.
# This output file may be truncated or incomplete.
#
#  Out of Memory Error (arena.cpp:168), pid=17668, tid=9600
#
# JRE version: OpenJDK Runtime Environment Temurin-21.0.12.1+1 (21.0.12.1+1) (build 21.0.12.1+1-LTS)
# Java VM: OpenJDK 64-Bit Server VM Temurin-21.0.12.1+1 (21.0.12.1+1-LTS, mixed mode, sharing, tiered, compressed oops, compressed class ptrs, parallel gc, windows-amd64)
# No core dump will be written. Minidumps are not enabled by default on client versions of Windows
#

---------------  S U M M A R Y ------------

Command Line: --add-modules=ALL-SYSTEM --add-opens=java.base/java.util=ALL-UNNAMED --add-opens=java.base/java.lang=ALL-UNNAMED --add-opens=java.base/sun.nio.fs=ALL-UNNAMED -Declipse.application=org.eclipse.jdt.ls.core.id1 -Dosgi.bundles.defaultStartLevel=4 -Declipse.product=org.eclipse.jdt.ls.core.product -Djava.import.generatesMetadataFilesAtProjectRoot=false -Dm2e.project.cache.size=50 -DDetectVMInstallationsJob.disabled=true -Dfile.encoding=utf8 -XX:+UseParallelGC -XX:GCTimeRatio=4 -XX:AdaptiveSizePolicyWeight=90 -Dsun.zip.disableMemoryMapping=true -Xmx2G -Xms100m -Xlog:disable -javaagent:c:\Users\Hype AMD\.vscode\extensions\redhat.java-1.56.0-win32-x64\lombok\lombok-1.18.39-4050.jar c:\Users\Hype AMD\.vscode\extensions\redhat.java-1.56.0-win32-x64\server\plugins\org.eclipse.equinox.launcher_1.8.0.v20260804-1928.jar -configuration c:\Users\Hype AMD\AppData\Roaming\Code\User\globalStorage\redhat.java\1.56.0\config_ss_win -data c:\Users\Hype AMD\AppData\Roaming\Code\User\workspaceStorage\231b5a178d19b40439cb0d8339f55621\redhat.java\ss_ws --pipe=\\.\pipe\lsp-cc1f6c0bb281cc515198d1af3668d674-sock

Host: AMD Ryzen 5 3500U with Radeon Vega Mobile Gfx   , 8 cores, 7G,  Windows 11 , 64 bit Build 26100 (10.0.26100.9278)
Time: Sun Sep  6 16:45:41 2026 SE Asia Standard Time elapsed time: 5.743822 seconds (0d 0h 0m 5s)

---------------  T H R E A D  ---------------

Current thread (0x000002d854af8e60):  JavaThread "C2 CompilerThread0" daemon [_thread_in_native, id=9600, stack(0x000000e9b7700000,0x000000e9b7800000) (1024K)]


Current CompileTask:
C2:5744 2285       4       org.apache.felix.resolver.PackageSpaces::mergeUses (494 bytes)

Stack: [0x000000e9b7700000,0x000000e9b7800000]
Native frames: (J=compiled Java code, j=interpreted, Vv=VM code, C=native code)
V  [jvm.dll+0x6d83e9]
V  [jvm.dll+0x8b5736]
V  [jvm.dll+0x8b7cee]
V  [jvm.dll+0x8b83d3]
V  [jvm.dll+0x284596]
V  [jvm.dll+0xc685d]
V  [jvm.dll+0xc6da1]
V  [jvm.dll+0x3bf151]
V  [jvm.dll+0x1e4149]
V  [jvm.dll+0x24c853]
V  [jvm.dll+0x24bce0]
V  [jvm.dll+0x1cb4ae]
V  [jvm.dll+0x25baad]
V  [jvm.dll+0x25a03a]
V  [jvm.dll+0x3f8aae]
V  [jvm.dll+0x8600cd]
V  [jvm.dll+0x6d6c1d]
C  [ucrtbase.dll+0x2cd30]
C  [KERNEL32.DLL+0x2ccb7]
C  [ntdll.dll+0xacaec]


---------------  P R O C E S S  ---------------

Threads class SMR info:
_java_thread_list=0x000002d8728069b0, length=26, elements={
0x000002d8526ae630, 0x000002d854ae9b80, 0x000002d854aec230, 0x000002d854af05b0,
0x000002d854af1210, 0x000002d854af3c80, 0x000002d854af46e0, 0x000002d854af8e60,
0x000002d871008250, 0x000002d8711d2170, 0x000002d87133ac20, 0x000002d871b8e920,
0x000002d871ddccc0, 0x000002d871ddd330, 0x000002d872023d80, 0x000002d871fbd0a0,
0x000002d871fbd710, 0x000002d8720858c0, 0x000002d872085f30, 0x000002d871f8f9c0,
0x000002d871f90050, 0x000002d871f906e0, 0x000002d871f8f330, 0x000002d871f90d70,
0x000002d871b9b4d0, 0x000002d871f92120
}

Java Threads: ( => current thread )
  0x000002d8526ae630 JavaThread "main"                              [_thread_blocked, id=12068, stack(0x000000e9b6d00000,0x000000e9b6e00000) (1024K)]
  0x000002d854ae9b80 JavaThread "Reference Handler"          daemon [_thread_blocked, id=12012, stack(0x000000e9b7100000,0x000000e9b7200000) (1024K)]
  0x000002d854aec230 JavaThread "Finalizer"                  daemon [_thread_blocked, id=20452, stack(0x000000e9b7200000,0x000000e9b7300000) (1024K)]
  0x000002d854af05b0 JavaThread "Signal Dispatcher"          daemon [_thread_blocked, id=11124, stack(0x000000e9b7300000,0x000000e9b7400000) (1024K)]
  0x000002d854af1210 JavaThread "Attach Listener"            daemon [_thread_blocked, id=21860, stack(0x000000e9b7400000,0x000000e9b7500000) (1024K)]
  0x000002d854af3c80 JavaThread "Service Thread"             daemon [_thread_blocked, id=16992, stack(0x000000e9b7500000,0x000000e9b7600000) (1024K)]
  0x000002d854af46e0 JavaThread "Monitor Deflation Thread"   daemon [_thread_blocked, id=12704, stack(0x000000e9b7600000,0x000000e9b7700000) (1024K)]
=>0x000002d854af8e60 JavaThread "C2 CompilerThread0"         daemon [_thread_in_native, id=9600, stack(0x000000e9b7700000,0x000000e9b7800000) (1024K)]
  0x000002d871008250 JavaThread "C1 CompilerThread0"         daemon [_thread_blocked, id=2956, stack(0x000000e9b7800000,0x000000e9b7900000) (1024K)]
  0x000002d8711d2170 JavaThread "Common-Cleaner"             daemon [_thread_blocked, id=22276, stack(0x000000e9b7a00000,0x000000e9b7b00000) (1024K)]
  0x000002d87133ac20 JavaThread "Notification Thread"        daemon [_thread_blocked, id=13024, stack(0x000000e9b7900000,0x000000e9b7a00000) (1024K)]
  0x000002d871b8e920 JavaThread "Active Thread: Equinox Container: 5bcb5da2-07de-4425-a5e7-6b89c00d0324"        [_thread_blocked, id=5800, stack(0x000000e9b7c00000,0x000000e9b7d00000) (1024K)]
  0x000002d871ddccc0 JavaThread "Framework Event Dispatcher: Equinox Container: 5bcb5da2-07de-4425-a5e7-6b89c00d0324" daemon [_thread_blocked, id=16512, stack(0x000000e9b8300000,0x000000e9b8400000) (1024K)]
  0x000002d871ddd330 JavaThread "Start Level: Equinox Container: 5bcb5da2-07de-4425-a5e7-6b89c00d0324" daemon [_thread_in_native, id=16136, stack(0x000000e9b8400000,0x000000e9b8500000) (1024K)]
  0x000002d872023d80 JavaThread "Refresh Thread: Equinox Container: 5bcb5da2-07de-4425-a5e7-6b89c00d0324" daemon [_thread_blocked, id=1532, stack(0x000000e9b8600000,0x000000e9b8700000) (1024K)]
  0x000002d871fbd0a0 JavaThread "Equinox resolver thread - Equinox Container: 5bcb5da2-07de-4425-a5e7-6b89c00d0324" daemon [_thread_blocked, id=21116, stack(0x000000e9b8700000,0x000000e9b8800000) (1024K)]
  0x000002d871fbd710 JavaThread "Equinox resolver thread - Equinox Container: 5bcb5da2-07de-4425-a5e7-6b89c00d0324" daemon [_thread_blocked, id=5700, stack(0x000000e9b8800000,0x000000e9b8900000) (1024K)]
  0x000002d8720858c0 JavaThread "Equinox resolver thread - Equinox Container: 5bcb5da2-07de-4425-a5e7-6b89c00d0324" daemon [_thread_blocked, id=9192, stack(0x000000e9b8900000,0x000000e9b8a00000) (1024K)]
  0x000002d872085f30 JavaThread "Equinox resolver thread - Equinox Container: 5bcb5da2-07de-4425-a5e7-6b89c00d0324" daemon [_thread_blocked, id=20788, stack(0x000000e9b8a00000,0x000000e9b8b00000) (1024K)]
  0x000002d871f8f9c0 JavaThread "Equinox resolver thread - Equinox Container: 5bcb5da2-07de-4425-a5e7-6b89c00d0324" daemon [_thread_blocked, id=15332, stack(0x000000e9b8b00000,0x000000e9b8c00000) (1024K)]
  0x000002d871f90050 JavaThread "Equinox resolver thread - Equinox Container: 5bcb5da2-07de-4425-a5e7-6b89c00d0324" daemon [_thread_blocked, id=7332, stack(0x000000e9b8c00000,0x000000e9b8d00000) (1024K)]
  0x000002d871f906e0 JavaThread "Equinox resolver thread - Equinox Container: 5bcb5da2-07de-4425-a5e7-6b89c00d0324" daemon [_thread_blocked, id=4904, stack(0x000000e9b8d00000,0x000000e9b8e00000) (1024K)]
  0x000002d871f8f330 JavaThread "Equinox resolver thread - Equinox Container: 5bcb5da2-07de-4425-a5e7-6b89c00d0324" daemon [_thread_blocked, id=21268, stack(0x000000e9b8e00000,0x000000e9b8f00000) (1024K)]
  0x000002d871f90d70 JavaThread "SCR Component Actor"        daemon [_thread_blocked, id=20124, stack(0x000000e9b9000000,0x000000e9b9100000) (1024K)]
  0x000002d871b9b4d0 JavaThread "C2 CompilerThread1"         daemon [_thread_blocked, id=17632, stack(0x000000e9b7b00000,0x000000e9b7c00000) (1024K)]
  0x000002d871f92120 JavaThread "Worker-JM"                         [_thread_blocked, id=884, stack(0x000000e9b8f00000,0x000000e9b9000000) (1024K)]
Total: 26

Other Threads:
  0x000002d854ae1de0 VMThread "VM Thread"                           [id=20312, stack(0x000000e9b7000000,0x000000e9b7100000) (1024K)]
  0x000002d8549fca00 WatcherThread "VM Periodic Task Thread"        [id=14016, stack(0x000000e9b6f00000,0x000000e9b7000000) (1024K)]
  0x000002d854b94f20 WorkerThread "GC Thread#0"                     [id=6888, stack(0x000000e9b6e00000,0x000000e9b6f00000) (1024K)]
  0x000002d871e052a0 WorkerThread "GC Thread#1"                     [id=7092, stack(0x000000e9b7d00000,0x000000e9b7e00000) (1024K)]
  0x000002d871e05a50 WorkerThread "GC Thread#2"                     [id=7396, stack(0x000000e9b7e00000,0x000000e9b7f00000) (1024K)]
  0x000002d871e05e00 WorkerThread "GC Thread#3"                     [id=18412, stack(0x000000e9b7f00000,0x000000e9b8000000) (1024K)]
  0x000002d8719a14e0 WorkerThread "GC Thread#4"                     [id=21176, stack(0x000000e9b8000000,0x000000e9b8100000) (1024K)]
  0x000002d8719a1890 WorkerThread "GC Thread#5"                     [id=7840, stack(0x000000e9b8100000,0x000000e9b8200000) (1024K)]
  0x000002d8719a1c40 WorkerThread "GC Thread#6"                     [id=17808, stack(0x000000e9b8200000,0x000000e9b8300000) (1024K)]
  0x000002d871e80240 WorkerThread "GC Thread#7"                     [id=15712, stack(0x000000e9b8500000,0x000000e9b8600000) (1024K)]
Total: 10

Threads with active compile tasks:
C2 CompilerThread0  5802 2285       4       org.apache.felix.resolver.PackageSpaces::mergeUses (494 bytes)
Total: 1

VM state: not at safepoint (normal execution)

VM Mutex/Monitor currently owned by a thread: None

Heap address: 0x0000000080000000, size: 2048 MB, Compressed Oops mode: 32-bit

CDS archive(s) mapped at: [0x000002d800000000-0x000002d800ba0000-0x000002d800ba0000), size 12189696, SharedBaseAddress: 0x000002d800000000, ArchiveRelocationMode: 1.
Compressed class space mapped at: 0x000002d801000000-0x000002d841000000, reserved size: 1073741824
Narrow klass base: 0x000002d800000000, Narrow klass shift: 0, Narrow klass range: 0x100000000

GC Precious Log:
 CardTable entry size: 512
 CPUs: 8 total, 8 available
 Memory: 7883M
 Large Page Support: Disabled
 NUMA Support: Disabled
 Compressed Oops: Enabled (32-bit)
 Alignments: Space 512K, Generation 512K, Heap 2M
 Heap Min Capacity: 100M
 Heap Initial Capacity: 100M
 Heap Max Capacity: 2G
 Pre-touch: Disabled
 Parallel Workers: 8

Heap:
 PSYoungGen      total 29696K, used 9827K [0x00000000d5580000, 0x00000000d7680000, 0x0000000100000000)
  eden space 25600K, 22% used [0x00000000d5580000,0x00000000d5b1bd98,0x00000000d6e80000)
  from space 4096K, 99% used [0x00000000d7280000,0x00000000d767cf10,0x00000000d7680000)
  to   space 4096K, 0% used [0x00000000d6e80000,0x00000000d6e80000,0x00000000d7280000)
 ParOldGen       total 68608K, used 5169K [0x0000000080000000, 0x0000000084300000, 0x00000000d5580000)
  object space 68608K, 7% used [0x0000000080000000,0x000000008050c418,0x0000000084300000)
 Metaspace       used 14002K, committed 14528K, reserved 1114112K
  class space    used 1443K, committed 1664K, reserved 1048576K

Card table byte_map: [0x000002d854510000,0x000002d854920000] _byte_map_base: 0x000002d854110000

Marking Bits: (ParMarkBitMap*) 0x00007ffe87ff44a0
 Begin Bits: [0x000002d867020000, 0x000002d869020000)
 End Bits:   [0x000002d869020000, 0x000002d86b020000)

Polling page: 0x000002d8528d0000

Metaspace:

Usage:
  Non-class:     12.26 MB used.
      Class:      1.41 MB used.
       Both:     13.67 MB used.

Virtual space:
  Non-class space:       64.00 MB reserved,      12.56 MB ( 20%) committed,  1 nodes.
      Class space:        1.00 GB reserved,       1.62 MB ( <1%) committed,  1 nodes.
             Both:        1.06 GB reserved,      14.19 MB (  1%) committed. 

Chunk freelists:
   Non-Class:  3.47 MB
       Class:  14.41 MB
        Both:  17.88 MB

MaxMetaspaceSize: unlimited
CompressedClassSpaceSize: 1.00 GB
Initial GC threshold: 21.00 MB
Current GC threshold: 21.00 MB
CDS: on
 - commit_granule_bytes: 65536.
 - commit_granule_words: 8192.
 - virtual_space_node_default_size: 8388608.
 - enlarge_chunks_in_place: 1.
 - use_allocation_guard: 0.


Internal statistics:

num_allocs_failed_limit: 0.
num_arena_births: 326.
num_arena_deaths: 0.
num_vsnodes_births: 2.
num_vsnodes_deaths: 0.
num_space_committed: 227.
num_space_uncommitted: 0.
num_chunks_returned_to_freelist: 0.
num_chunks_taken_from_freelist: 768.
num_chunk_merges: 0.
num_chunk_splits: 495.
num_chunks_enlarged: 338.
num_inconsistent_stats: 0.

CodeHeap 'non-profiled nmethods': size=120000Kb used=1208Kb max_used=1208Kb free=118791Kb
 bounds [0x000002d85f840000, 0x000002d85fab0000, 0x000002d866d70000]
CodeHeap 'profiled nmethods': size=120000Kb used=6156Kb max_used=6156Kb free=113843Kb
 bounds [0x000002d857d70000, 0x000002d858380000, 0x000002d85f2a0000]
CodeHeap 'non-nmethods': size=5760Kb used=1249Kb max_used=1272Kb free=4510Kb
 bounds [0x000002d85f2a0000, 0x000002d85f510000, 0x000002d85f840000]
CodeCache: size=245760Kb, used=8613Kb, max_used=8636Kb, free=237144Kb
 total_blobs=3519, nmethods=3000, adapters=425, full_count=0
Compilation: enabled, stopped_count=0, restarted_count=0

Compilation events (20 events):
Event: 5.702 Thread 0x000002d871b9b4d0 nmethod 2950 0x000002d85f96db10 code [0x000002d85f96dca0, 0x000002d85f96dd68]
Event: 5.704 Thread 0x000002d871008250 2972       3       java.lang.invoke.MemberName::hashCode (43 bytes)
Event: 5.705 Thread 0x000002d871008250 nmethod 2972 0x000002d85835c790 code [0x000002d85835c9e0, 0x000002d85835d520]
Event: 5.705 Thread 0x000002d871008250 2973       3       java.util.Objects::hash (5 bytes)
Event: 5.705 Thread 0x000002d871008250 nmethod 2973 0x000002d85835d890 code [0x000002d85835da40, 0x000002d85835db58]
Event: 5.717 Thread 0x000002d871008250 2975   !   3       org.eclipse.osgi.internal.log.ExtendedLogReaderServiceFactory::isLoggablePrivileged (147 bytes)
Event: 5.719 Thread 0x000002d871008250 nmethod 2975 0x000002d85835dc10 code [0x000002d85835dee0, 0x000002d85835ea50]
Event: 5.719 Thread 0x000002d871008250 2977       3       org.eclipse.osgi.internal.log.ExtendedLogReaderServiceFactory::getCount (29 bytes)
Event: 5.720 Thread 0x000002d871008250 nmethod 2977 0x000002d85835f010 code [0x000002d85835f1e0, 0x000002d85835f658]
Event: 5.720 Thread 0x000002d871008250 2974       3       org.eclipse.osgi.internal.log.ExtendedLogReaderServiceFactory::isLoggable (35 bytes)
Event: 5.720 Thread 0x000002d871008250 nmethod 2974 0x000002d85835f790 code [0x000002d85835f960, 0x000002d85835fba0]
Event: 5.720 Thread 0x000002d871008250 2976       3       org.eclipse.osgi.internal.log.ExtendedLogReaderServiceFactory::decrementNestedCount (21 bytes)
Event: 5.721 Thread 0x000002d871008250 nmethod 2976 0x000002d85835fc90 code [0x000002d85835fe80, 0x000002d8583603f8]
Event: 5.724 Thread 0x000002d871b9b4d0 2978       4       java.lang.String::lastIndexOf (29 bytes)
Event: 5.729 Thread 0x000002d871008250 2979       3       org.eclipse.osgi.internal.loader.BundleLoader::isTriggerSet (8 bytes)
Event: 5.729 Thread 0x000002d871008250 nmethod 2979 0x000002d858360610 code [0x000002d8583607c0, 0x000002d858360990]
Event: 5.730 Thread 0x000002d871b9b4d0 nmethod 2978 0x000002d85f96de10 code [0x000002d85f96dfa0, 0x000002d85f96e1b0]
Event: 5.735 Thread 0x000002d871008250 2980   !   3       org.eclipse.osgi.internal.loader.ModuleClassLoader::publicGetPackage (18 bytes)
Event: 5.736 Thread 0x000002d871008250 nmethod 2980 0x000002d858360a90 code [0x000002d858360c40, 0x000002d858360ef8]
Event: 5.736 Thread 0x000002d871008250 2981   !   3       org.eclipse.osgi.internal.weaving.WeavingHookConfigurator::processClass (249 bytes)

GC Heap History (8 events):
Event: 1.775 GC heap before
{Heap before GC invocations=1 (full 0):
 PSYoungGen      total 29696K, used 25600K [0x00000000d5580000, 0x00000000d7680000, 0x0000000100000000)
  eden space 25600K, 100% used [0x00000000d5580000,0x00000000d6e80000,0x00000000d6e80000)
  from space 4096K, 0% used [0x00000000d7280000,0x00000000d7280000,0x00000000d7680000)
  to   space 4096K, 0% used [0x00000000d6e80000,0x00000000d6e80000,0x00000000d7280000)
 ParOldGen       total 68608K, used 0K [0x0000000080000000, 0x0000000084300000, 0x00000000d5580000)
  object space 68608K, 0% used [0x0000000080000000,0x0000000080000000,0x0000000084300000)
 Metaspace       used 4331K, committed 4544K, reserved 1114112K
  class space    used 473K, committed 576K, reserved 1048576K
}
Event: 1.788 GC heap after
{Heap after GC invocations=1 (full 0):
 PSYoungGen      total 29696K, used 3255K [0x00000000d5580000, 0x00000000d7680000, 0x0000000100000000)
  eden space 25600K, 0% used [0x00000000d5580000,0x00000000d5580000,0x00000000d6e80000)
  from space 4096K, 79% used [0x00000000d6e80000,0x00000000d71adea8,0x00000000d7280000)
  to   space 4096K, 0% used [0x00000000d7280000,0x00000000d7280000,0x00000000d7680000)
 ParOldGen       total 68608K, used 16K [0x0000000080000000, 0x0000000084300000, 0x00000000d5580000)
  object space 68608K, 0% used [0x0000000080000000,0x0000000080004000,0x0000000084300000)
 Metaspace       used 4331K, committed 4544K, reserved 1114112K
  class space    used 473K, committed 576K, reserved 1048576K
}
Event: 3.190 GC heap before
{Heap before GC invocations=2 (full 0):
 PSYoungGen      total 29696K, used 28855K [0x00000000d5580000, 0x00000000d7680000, 0x0000000100000000)
  eden space 25600K, 100% used [0x00000000d5580000,0x00000000d6e80000,0x00000000d6e80000)
  from space 4096K, 79% used [0x00000000d6e80000,0x00000000d71adea8,0x00000000d7280000)
  to   space 4096K, 0% used [0x00000000d7280000,0x00000000d7280000,0x00000000d7680000)
 ParOldGen       total 68608K, used 16K [0x0000000080000000, 0x0000000084300000, 0x00000000d5580000)
  object space 68608K, 0% used [0x0000000080000000,0x0000000080004000,0x0000000084300000)
 Metaspace       used 7948K, committed 8256K, reserved 1114112K
  class space    used 825K, committed 960K, reserved 1048576K
}
Event: 3.198 GC heap after
{Heap after GC invocations=2 (full 0):
 PSYoungGen      total 29696K, used 4087K [0x00000000d5580000, 0x00000000d7680000, 0x0000000100000000)
  eden space 25600K, 0% used [0x00000000d5580000,0x00000000d5580000,0x00000000d6e80000)
  from space 4096K, 99% used [0x00000000d7280000,0x00000000d767de90,0x00000000d7680000)
  to   space 4096K, 0% used [0x00000000d6e80000,0x00000000d6e80000,0x00000000d7280000)
 ParOldGen       total 68608K, used 914K [0x0000000080000000, 0x0000000084300000, 0x00000000d5580000)
  object space 68608K, 1% used [0x0000000080000000,0x00000000800e4b10,0x0000000084300000)
 Metaspace       used 7948K, committed 8256K, reserved 1114112K
  class space    used 825K, committed 960K, reserved 1048576K
}
Event: 4.093 GC heap before
{Heap before GC invocations=3 (full 0):
 PSYoungGen      total 29696K, used 29687K [0x00000000d5580000, 0x00000000d7680000, 0x0000000100000000)
  eden space 25600K, 100% used [0x00000000d5580000,0x00000000d6e80000,0x00000000d6e80000)
  from space 4096K, 99% used [0x00000000d7280000,0x00000000d767de90,0x00000000d7680000)
  to   space 4096K, 0% used [0x00000000d6e80000,0x00000000d6e80000,0x00000000d7280000)
 ParOldGen       total 68608K, used 914K [0x0000000080000000, 0x0000000084300000, 0x00000000d5580000)
  object space 68608K, 1% used [0x0000000080000000,0x00000000800e4b10,0x0000000084300000)
 Metaspace       used 8872K, committed 9216K, reserved 1114112K
  class space    used 919K, committed 1088K, reserved 1048576K
}
Event: 4.100 GC heap after
{Heap after GC invocations=3 (full 0):
 PSYoungGen      total 29696K, used 4090K [0x00000000d5580000, 0x00000000d7680000, 0x0000000100000000)
  eden space 25600K, 0% used [0x00000000d5580000,0x00000000d5580000,0x00000000d6e80000)
  from space 4096K, 99% used [0x00000000d6e80000,0x00000000d727e8f8,0x00000000d7280000)
  to   space 4096K, 0% used [0x00000000d7280000,0x00000000d7280000,0x00000000d7680000)
 ParOldGen       total 68608K, used 3709K [0x0000000080000000, 0x0000000084300000, 0x00000000d5580000)
  object space 68608K, 5% used [0x0000000080000000,0x000000008039f608,0x0000000084300000)
 Metaspace       used 8872K, committed 9216K, reserved 1114112K
  class space    used 919K, committed 1088K, reserved 1048576K
}
Event: 5.584 GC heap before
{Heap before GC invocations=4 (full 0):
 PSYoungGen      total 29696K, used 29690K [0x00000000d5580000, 0x00000000d7680000, 0x0000000100000000)
  eden space 25600K, 100% used [0x00000000d5580000,0x00000000d6e80000,0x00000000d6e80000)
  from space 4096K, 99% used [0x00000000d6e80000,0x00000000d727e8f8,0x00000000d7280000)
  to   space 4096K, 0% used [0x00000000d7280000,0x00000000d7280000,0x00000000d7680000)
 ParOldGen       total 68608K, used 3709K [0x0000000080000000, 0x0000000084300000, 0x00000000d5580000)
  object space 68608K, 5% used [0x0000000080000000,0x000000008039f608,0x0000000084300000)
 Metaspace       used 13000K, committed 13440K, reserved 1114112K
  class space    used 1353K, committed 1536K, reserved 1048576K
}
Event: 5.593 GC heap after
{Heap after GC invocations=4 (full 0):
 PSYoungGen      total 29696K, used 4083K [0x00000000d5580000, 0x00000000d7680000, 0x0000000100000000)
  eden space 25600K, 0% used [0x00000000d5580000,0x00000000d5580000,0x00000000d6e80000)
  from space 4096K, 99% used [0x00000000d7280000,0x00000000d767cf10,0x00000000d7680000)
  to   space 4096K, 0% used [0x00000000d6e80000,0x00000000d6e80000,0x00000000d7280000)
 ParOldGen       total 68608K, used 5169K [0x0000000080000000, 0x0000000084300000, 0x00000000d5580000)
  object space 68608K, 7% used [0x0000000080000000,0x000000008050c418,0x0000000084300000)
 Metaspace       used 13000K, committed 13440K, reserved 1114112K
  class space    used 1353K, committed 1536K, reserved 1048576K
}

Dll operation events (18 events):
Event: 0.051 Attempting to load shared library c:\Users\Hype AMD\.vscode\extensions\redhat.java-1.56.0-win32-x64\jre\21.0.12.1-win32-x86_64\bin\java.dll
Event: 0.051 Loaded shared library c:\Users\Hype AMD\.vscode\extensions\redhat.java-1.56.0-win32-x64\jre\21.0.12.1-win32-x86_64\bin\java.dll
Event: 0.256 Attempting to load shared library c:\Users\Hype AMD\.vscode\extensions\redhat.java-1.56.0-win32-x64\jre\21.0.12.1-win32-x86_64\bin\zip.dll
Event: 0.258 Loaded shared library c:\Users\Hype AMD\.vscode\extensions\redhat.java-1.56.0-win32-x64\jre\21.0.12.1-win32-x86_64\bin\zip.dll
Event: 0.309 Attempting to load shared library C:\Users\Hype AMD\.vscode\extensions\redhat.java-1.56.0-win32-x64\jre\21.0.12.1-win32-x86_64\bin\instrument.dll
Event: 0.309 Loaded shared library C:\Users\Hype AMD\.vscode\extensions\redhat.java-1.56.0-win32-x64\jre\21.0.12.1-win32-x86_64\bin\instrument.dll
Event: 0.323 Attempting to load shared library C:\Users\Hype AMD\.vscode\extensions\redhat.java-1.56.0-win32-x64\jre\21.0.12.1-win32-x86_64\bin\net.dll
Event: 0.326 Loaded shared library C:\Users\Hype AMD\.vscode\extensions\redhat.java-1.56.0-win32-x64\jre\21.0.12.1-win32-x86_64\bin\net.dll
Event: 0.330 Attempting to load shared library C:\Users\Hype AMD\.vscode\extensions\redhat.java-1.56.0-win32-x64\jre\21.0.12.1-win32-x86_64\bin\nio.dll
Event: 0.332 Loaded shared library C:\Users\Hype AMD\.vscode\extensions\redhat.java-1.56.0-win32-x64\jre\21.0.12.1-win32-x86_64\bin\nio.dll
Event: 0.339 Attempting to load shared library C:\Users\Hype AMD\.vscode\extensions\redhat.java-1.56.0-win32-x64\jre\21.0.12.1-win32-x86_64\bin\zip.dll
Event: 0.339 Loaded shared library C:\Users\Hype AMD\.vscode\extensions\redhat.java-1.56.0-win32-x64\jre\21.0.12.1-win32-x86_64\bin\zip.dll
Event: 0.384 Attempting to load shared library C:\Users\Hype AMD\.vscode\extensions\redhat.java-1.56.0-win32-x64\jre\21.0.12.1-win32-x86_64\bin\jimage.dll
Event: 0.384 Loaded shared library C:\Users\Hype AMD\.vscode\extensions\redhat.java-1.56.0-win32-x64\jre\21.0.12.1-win32-x86_64\bin\jimage.dll
Event: 0.590 Attempting to load shared library c:\Users\Hype AMD\.vscode\extensions\redhat.java-1.56.0-win32-x64\jre\21.0.12.1-win32-x86_64\bin\verify.dll
Event: 0.592 Loaded shared library c:\Users\Hype AMD\.vscode\extensions\redhat.java-1.56.0-win32-x64\jre\21.0.12.1-win32-x86_64\bin\verify.dll
Event: 3.754 Attempting to load shared library C:\Users\Hype AMD\AppData\Roaming\Code\User\globalStorage\redhat.java\1.56.0\config_ss_win\org.eclipse.equinox.launcher\org.eclipse.equinox.launcher.win32.win32.x86_64_1.3.100.v20260804-1928\eclipse_11924.dll
Event: 3.763 Loaded shared library C:\Users\Hype AMD\AppData\Roaming\Code\User\globalStorage\redhat.java\1.56.0\config_ss_win\org.eclipse.equinox.launcher\org.eclipse.equinox.launcher.win32.win32.x86_64_1.3.100.v20260804-1928\eclipse_11924.dll

Deoptimization events (20 events):
Event: 4.767 Thread 0x000002d871ddd330 DEOPT PACKING pc=0x000002d85f8e8f24 sp=0x000000e9b84f8d50
Event: 4.767 Thread 0x000002d871ddd330 DEOPT UNPACKING pc=0x000002d85f2f3aa2 sp=0x000000e9b84f8c90 mode 2
Event: 4.909 Thread 0x000002d871ddd330 Uncommon trap: trap_request=0xffffffde fr.pc=0x000002d85f8c0098 relative=0x00000000000005d8
Event: 4.909 Thread 0x000002d871ddd330 Uncommon trap: reason=class_check action=maybe_recompile pc=0x000002d85f8c0098 method=java.io.BufferedInputStream.implRead([BII)I @ 100 c2
Event: 4.909 Thread 0x000002d871ddd330 DEOPT PACKING pc=0x000002d85f8c0098 sp=0x000000e9b84f8180
Event: 4.909 Thread 0x000002d871ddd330 DEOPT UNPACKING pc=0x000002d85f2f3aa2 sp=0x000000e9b84f8158 mode 2
Event: 4.913 Thread 0x000002d871ddd330 Uncommon trap: trap_request=0xffffff45 fr.pc=0x000002d85f8bff24 relative=0x0000000000000464
Event: 4.913 Thread 0x000002d871ddd330 Uncommon trap: reason=unstable_if action=reinterpret pc=0x000002d85f8bff24 method=java.io.BufferedInputStream.implRead([BII)I @ 55 c2
Event: 4.913 Thread 0x000002d871ddd330 DEOPT PACKING pc=0x000002d85f8bff24 sp=0x000000e9b84f8180
Event: 4.913 Thread 0x000002d871ddd330 DEOPT UNPACKING pc=0x000002d85f2f3aa2 sp=0x000000e9b84f8158 mode 2
Event: 5.190 Thread 0x000002d871ddd330 Uncommon trap: trap_request=0xffffff45 fr.pc=0x000002d85f9584e0 relative=0x0000000000000360
Event: 5.190 Thread 0x000002d871ddd330 Uncommon trap: reason=unstable_if action=reinterpret pc=0x000002d85f9584e0 method=com.sun.org.apache.xerces.internal.impl.XMLEntityScanner.scanLiteral(ILcom/sun/org/apache/xerces/internal/xni/XMLString;Z)I @ 189 c2
Event: 5.190 Thread 0x000002d871ddd330 DEOPT PACKING pc=0x000002d85f9584e0 sp=0x000000e9b84f8190
Event: 5.190 Thread 0x000002d871ddd330 DEOPT UNPACKING pc=0x000002d85f2f3aa2 sp=0x000000e9b84f8120 mode 2
Event: 5.204 Thread 0x000002d871ddd330 Uncommon trap: trap_request=0xffffff45 fr.pc=0x000002d85f952828 relative=0x0000000000000088
Event: 5.204 Thread 0x000002d871ddd330 Uncommon trap: reason=unstable_if action=reinterpret pc=0x000002d85f952828 method=com.sun.org.apache.xerces.internal.impl.XMLEntityScanner.checkBeforeLoad(Lcom/sun/xml/internal/stream/Entity$ScannedEntity;II)I @ 18 c2
Event: 5.204 Thread 0x000002d871ddd330 DEOPT PACKING pc=0x000002d85f952828 sp=0x000000e9b84f8320
Event: 5.204 Thread 0x000002d871ddd330 DEOPT UNPACKING pc=0x000002d85f2f3aa2 sp=0x000000e9b84f8290 mode 2
Event: 5.645 Thread 0x000002d871ddd330 DEOPT PACKING pc=0x000002d85824b456 sp=0x000000e9b84f7540
Event: 5.645 Thread 0x000002d871ddd330 DEOPT UNPACKING pc=0x000002d85f2f4242 sp=0x000000e9b84f6a50 mode 0

Classes loaded (20 events):
Event: 5.359 Loading class java/nio/file/NoSuchFileException
Event: 5.359 Loading class java/nio/file/FileSystemException
Event: 5.360 Loading class java/nio/file/FileSystemException done
Event: 5.360 Loading class java/nio/file/NoSuchFileException done
Event: 5.639 Loading class sun/util/calendar/ZoneInfoFile$Checksum
Event: 5.639 Loading class sun/util/calendar/ZoneInfoFile$Checksum done
Event: 5.641 Loading class java/time/zone/ZoneRulesProvider
Event: 5.641 Loading class java/time/zone/ZoneRulesProvider done
Event: 5.641 Loading class java/time/zone/ZoneRulesProvider$1
Event: 5.641 Loading class java/time/zone/ZoneRulesProvider$1 done
Event: 5.642 Loading class java/time/zone/TzdbZoneRulesProvider
Event: 5.642 Loading class java/time/zone/TzdbZoneRulesProvider done
Event: 5.649 Loading class java/time/zone/Ser
Event: 5.650 Loading class java/io/Externalizable
Event: 5.650 Loading class java/io/Externalizable done
Event: 5.650 Loading class java/time/zone/Ser done
Event: 5.655 Loading class java/util/Formatter$FixedString
Event: 5.655 Loading class java/util/Formatter$FixedString done
Event: 5.699 Loading class java/util/concurrent/TimeoutException
Event: 5.699 Loading class java/util/concurrent/TimeoutException done

Classes unloaded (0 events):
No events

Classes redefined (0 events):
No events

Internal exceptions (20 events):
Event: 1.876 Thread 0x000002d8526ae630 Implicit null exception at 0x000002d85f89fe1a to 0x000002d85f8a0020
Event: 1.877 Thread 0x000002d8526ae630 Exception <a 'java/lang/NoSuchMethodError'{0x00000000d5738a20}: 'void java.lang.invoke.DirectMethodHandle$Holder.invokeStatic(java.lang.Object, java.lang.Object, java.lang.Object, java.lang.Object)'> (0x00000000d5738a20) 
thrown [s\src\hotspot\share\interpreter\linkResolver.cpp, line 773]
Event: 1.878 Thread 0x000002d8526ae630 Implicit null exception at 0x000002d85f89e6bc to 0x000002d85f89e948
Event: 1.879 Thread 0x000002d8526ae630 Implicit null exception at 0x000002d85f89dabd to 0x000002d85f89db41
Event: 2.007 Thread 0x000002d8526ae630 Exception <a 'java/lang/NoSuchMethodError'{0x00000000d59d1778}: 'void java.lang.invoke.DirectMethodHandle$Holder.invokeSpecial(java.lang.Object, java.lang.Object, java.lang.Object)'> (0x00000000d59d1778) 
thrown [s\src\hotspot\share\interpreter\linkResolver.cpp, line 773]
Event: 2.525 Thread 0x000002d8526ae630 Exception <a 'java/lang/NoSuchMethodError'{0x00000000d616f178}: 'int java.lang.invoke.DirectMethodHandle$Holder.invokeVirtual(java.lang.Object, java.lang.Object)'> (0x00000000d616f178) 
thrown [s\src\hotspot\share\interpreter\linkResolver.cpp, line 773]
Event: 2.584 Thread 0x000002d8526ae630 Exception <a 'java/lang/NoSuchMethodError'{0x00000000d62b4678}: 'int java.lang.invoke.DirectMethodHandle$Holder.invokeStaticInit(java.lang.Object, java.lang.Object, java.lang.Object, java.lang.Object)'> (0x00000000d62b4678) 
thrown [s\src\hotspot\share\interpreter\linkResolver.cpp, line 773]
Event: 2.587 Thread 0x000002d8526ae630 Exception <a 'java/lang/IncompatibleClassChangeError'{0x00000000d62bcd60}: Found class java.lang.Object, but interface was expected> (0x00000000d62bcd60) 
thrown [s\src\hotspot\share\interpreter\linkResolver.cpp, line 840]
Event: 2.589 Thread 0x000002d8526ae630 Exception <a 'java/lang/NoSuchMethodError'{0x00000000d62c3bf0}: 'void java.lang.invoke.DirectMethodHandle$Holder.invokeStaticInit(java.lang.Object, java.lang.Object)'> (0x00000000d62c3bf0) 
thrown [s\src\hotspot\share\interpreter\linkResolver.cpp, line 773]
Event: 2.591 Thread 0x000002d8526ae630 Exception <a 'java/lang/NoSuchMethodError'{0x00000000d62cd6a8}: 'int java.lang.invoke.DirectMethodHandle$Holder.invokeStaticInit(java.lang.Object, java.lang.Object)'> (0x00000000d62cd6a8) 
thrown [s\src\hotspot\share\interpreter\linkResolver.cpp, line 773]
Event: 2.712 Thread 0x000002d8526ae630 Exception <a 'java/lang/NoSuchMethodError'{0x00000000d6564bf0}: 'java.lang.Object java.lang.invoke.DirectMethodHandle$Holder.newInvokeSpecial(java.lang.Object, int, java.lang.Object)'> (0x00000000d6564bf0) 
thrown [s\src\hotspot\share\interpreter\linkResolver.cpp, line 773]
Event: 2.822 Thread 0x000002d8526ae630 Exception <a 'java/lang/ClassNotFoundException'{0x00000000d67904b0}: sun/net/www/protocol/plurl/Handler> (0x00000000d67904b0) 
thrown [s\src\hotspot\share\classfile\systemDictionary.cpp, line 313]
Event: 2.823 Thread 0x000002d8526ae630 Exception <a 'java/lang/ClassNotFoundException'{0x00000000d6791330}: sun/net/www/protocol/plurl/Handler> (0x00000000d6791330) 
thrown [s\src\hotspot\share\classfile\systemDictionary.cpp, line 313]
Event: 3.750 Thread 0x000002d8526ae630 Exception <a 'java/lang/UnsatisfiedLinkError'{0x00000000d61b2558}: 'void org.eclipse.equinox.launcher.JNIBridge._update_splash()'> (0x00000000d61b2558) 
thrown [s\src\hotspot\share\prims\nativeLookup.cpp, line 415]
Event: 4.068 Thread 0x000002d872023d80 Exception <a 'java/lang/NoSuchMethodError'{0x00000000d6e02c40}: 'void java.lang.invoke.DirectMethodHandle$Holder.invokeInterface(java.lang.Object, java.lang.Object, java.lang.Object)'> (0x00000000d6e02c40) 
thrown [s\src\hotspot\share\interpreter\linkResolver.cpp, line 773]
Event: 4.475 Thread 0x000002d871ddd330 Exception <a 'java/lang/NullPointerException'{0x00000000d5b99f90}> (0x00000000d5b99f90) 
thrown [s\src\hotspot\share\interpreter\linkResolver.cpp, line 1372]
Event: 4.475 Thread 0x000002d871ddd330 Exception <a 'java/lang/NullPointerException'{0x00000000d5b9a270}> (0x00000000d5b9a270) 
thrown [s\src\hotspot\share\interpreter\linkResolver.cpp, line 1372]
Event: 4.876 Thread 0x000002d871ddd330 Exception <a 'java/lang/NoSuchMethodError'{0x00000000d64f9840}: 'void java.lang.invoke.Invokers$Holder.invokeExact_MT(java.lang.Object, java.lang.Object, java.lang.Object)'> (0x00000000d64f9840) 
thrown [s\src\hotspot\share\interpreter\linkResolver.cpp, line 773]
Event: 5.388 Thread 0x000002d871ddd330 Exception <a 'java/io/FileNotFoundException'{0x00000000d6b2b040}> (0x00000000d6b2b040) 
thrown [s\src\hotspot\share\prims\jni.cpp, line 520]
Event: 5.558 Thread 0x000002d871ddd330 Exception <a 'java/lang/NoSuchMethodError'{0x00000000d6df8600}: 'java.lang.Object java.lang.invoke.Invokers$Holder.linkToTargetMethod(java.lang.Object, long, java.lang.Object)'> (0x00000000d6df8600) 
thrown [s\src\hotspot\share\interpreter\linkResolver.cpp, line 773]

ZGC Phase Switch (0 events):
No events

VM Operations (20 events):
Event: 3.924 Executing non-safepoint VM operation: HandshakeAllThreads (Deoptimize)
Event: 3.924 Executing non-safepoint VM operation: HandshakeAllThreads (Deoptimize) done
Event: 3.926 Executing non-safepoint VM operation: HandshakeAllThreads (Deoptimize)
Event: 3.926 Executing non-safepoint VM operation: HandshakeAllThreads (Deoptimize) done
Event: 4.065 Executing safepoint VM operation: ICBufferFull
Event: 4.066 Executing safepoint VM operation: ICBufferFull done
Event: 4.072 Executing non-safepoint VM operation: HandshakeAllThreads (Deoptimize)
Event: 4.073 Executing non-safepoint VM operation: HandshakeAllThreads (Deoptimize) done
Event: 4.093 Executing safepoint VM operation: ParallelGCFailedAllocation (Allocation Failure)
Event: 4.100 Executing safepoint VM operation: ParallelGCFailedAllocation (Allocation Failure) done
Event: 4.688 Executing non-safepoint VM operation: HandshakeAllThreads (Deoptimize)
Event: 4.689 Executing non-safepoint VM operation: HandshakeAllThreads (Deoptimize) done
Event: 5.094 Executing non-safepoint VM operation: HandshakeAllThreads (Deoptimize)
Event: 5.094 Executing non-safepoint VM operation: HandshakeAllThreads (Deoptimize) done
Event: 5.264 Executing safepoint VM operation: ICBufferFull
Event: 5.275 Executing safepoint VM operation: ICBufferFull done
Event: 5.584 Executing safepoint VM operation: ParallelGCFailedAllocation (Allocation Failure)
Event: 5.593 Executing safepoint VM operation: ParallelGCFailedAllocation (Allocation Failure) done
Event: 5.640 Executing non-safepoint VM operation: HandshakeAllThreads (Deoptimize)
Event: 5.640 Executing non-safepoint VM operation: HandshakeAllThreads (Deoptimize) done

Memory protections (0 events):
No events

Nmethod flushes (0 events):
No events

Events (20 events):
Event: 3.064 Thread 0x000002d8526ae630 Thread added: 0x000002d871ddd330
Event: 3.746 Thread 0x000002d8526ae630 Thread added: 0x000002d872023d80
Event: 3.784 Thread 0x000002d8714090f0 Thread exited: 0x000002d8714090f0
Event: 3.907 Thread 0x000002d871008250 Thread added: 0x000002d871b9b4d0
Event: 3.975 Thread 0x000002d872023d80 Thread added: 0x000002d871fbd0a0
Event: 3.975 Thread 0x000002d872023d80 Thread added: 0x000002d871fbd710
Event: 3.975 Thread 0x000002d872023d80 Thread added: 0x000002d8720858c0
Event: 3.975 Thread 0x000002d872023d80 Thread added: 0x000002d872085f30
Event: 3.976 Thread 0x000002d872023d80 Thread added: 0x000002d871f8f9c0
Event: 3.976 Thread 0x000002d872023d80 Thread added: 0x000002d871f90050
Event: 3.976 Thread 0x000002d872023d80 Thread added: 0x000002d871f906e0
Event: 3.976 Thread 0x000002d872023d80 Thread added: 0x000002d871f8f330
Event: 4.058 Thread 0x000002d854af8e60 Thread added: 0x000002d871f60c40
Event: 4.368 Thread 0x000002d871ddd330 Thread added: 0x000002d871f90d70
Event: 4.391 Thread 0x000002d871f60c40 Thread exited: 0x000002d871f60c40
Event: 4.598 Thread 0x000002d871b9b4d0 Thread exited: 0x000002d871b9b4d0
Event: 4.753 Thread 0x000002d871008250 Thread added: 0x000002d871b9b4d0
Event: 5.012 Thread 0x000002d871008250 Thread added: 0x000002d873035740
Event: 5.400 Thread 0x000002d873035740 Thread exited: 0x000002d873035740
Event: 5.717 Thread 0x000002d871ddd330 Thread added: 0x000002d871f92120


Dynamic libraries:
0x00007ff628350000 - 0x00007ff62835e000 	c:\Users\Hype AMD\.vscode\extensions\redhat.java-1.56.0-win32-x64\jre\21.0.12.1-win32-x86_64\bin\java.exe
0x00007ffef9940000 - 0x00007ffef9ba7000 	C:\WINDOWS\SYSTEM32\ntdll.dll
0x00007ffef8b00000 - 0x00007ffef8bca000 	C:\WINDOWS\System32\KERNEL32.DLL
0x00007ffef7260000 - 0x00007ffef7662000 	C:\WINDOWS\System32\KERNELBASE.dll
0x00007ffef6cd0000 - 0x00007ffef6e1c000 	C:\WINDOWS\System32\ucrtbase.dll
0x00007ffecfdc0000 - 0x00007ffecfdd8000 	c:\Users\Hype AMD\.vscode\extensions\redhat.java-1.56.0-win32-x64\jre\21.0.12.1-win32-x86_64\bin\jli.dll
0x00007ffecfd80000 - 0x00007ffecfd9e000 	c:\Users\Hype AMD\.vscode\extensions\redhat.java-1.56.0-win32-x64\jre\21.0.12.1-win32-x86_64\bin\VCRUNTIME140.dll
0x00007ffef7cd0000 - 0x00007ffef7e9f000 	C:\WINDOWS\System32\USER32.dll
0x00007ffef6ca0000 - 0x00007ffef6cc7000 	C:\WINDOWS\System32\win32u.dll
0x00007ffee1b30000 - 0x00007ffee1dc0000 	C:\WINDOWS\WinSxS\amd64_microsoft.windows.common-controls_6595b64144ccf1df_6.0.26100.9278_none_3e0d1ba8e3303201\COMCTL32.dll
0x00007ffef96f0000 - 0x00007ffef971b000 	C:\WINDOWS\System32\GDI32.dll
0x00007ffef8310000 - 0x00007ffef83b9000 	C:\WINDOWS\System32\msvcrt.dll
0x00007ffef7130000 - 0x00007ffef7259000 	C:\WINDOWS\System32\gdi32full.dll
0x00007ffef6e30000 - 0x00007ffef6ed3000 	C:\WINDOWS\System32\msvcp_win.dll
0x00007ffef8490000 - 0x00007ffef84c1000 	C:\WINDOWS\System32\IMM32.DLL
0x00007ffedde00000 - 0x00007ffeddef2000 	C:\Program Files\Windhawk\Engine\1.7.3\64\windhawk.dll
0x00007ffef7eb0000 - 0x00007ffef7f6c000 	C:\WINDOWS\System32\ADVAPI32.dll
0x00007ffef7c20000 - 0x00007ffef7cc9000 	C:\WINDOWS\System32\sechost.dll
0x00007ffef7730000 - 0x00007ffef7848000 	C:\WINDOWS\System32\RPCRT4.dll
0x00007ffedbcd0000 - 0x00007ffedbcdc000 	c:\Users\Hype AMD\.vscode\extensions\redhat.java-1.56.0-win32-x64\jre\21.0.12.1-win32-x86_64\bin\vcruntime140_1.dll
0x00007ffe9ca00000 - 0x00007ffe9ca8d000 	c:\Users\Hype AMD\.vscode\extensions\redhat.java-1.56.0-win32-x64\jre\21.0.12.1-win32-x86_64\bin\msvcp140.dll
0x00007ffe87330000 - 0x00007ffe880d2000 	c:\Users\Hype AMD\.vscode\extensions\redhat.java-1.56.0-win32-x64\jre\21.0.12.1-win32-x86_64\bin\server\jvm.dll
0x00007ffef79d0000 - 0x00007ffef7a50000 	C:\WINDOWS\System32\WS2_32.dll
0x00007ffeedaa0000 - 0x00007ffeedad6000 	C:\WINDOWS\SYSTEM32\WINMM.dll
0x00007ffef69b0000 - 0x00007ffef6a0e000 	C:\WINDOWS\SYSTEM32\POWRPROF.dll
0x00007ffeee6a0000 - 0x00007ffeee6ab000 	C:\WINDOWS\SYSTEM32\VERSION.dll
0x00007ffef6990000 - 0x00007ffef69a5000 	C:\WINDOWS\SYSTEM32\UMPDC.dll
0x00007ffef5820000 - 0x00007ffef583b000 	C:\WINDOWS\SYSTEM32\kernel.appcore.dll
0x00007ffedac00000 - 0x00007ffedac0a000 	c:\Users\Hype AMD\.vscode\extensions\redhat.java-1.56.0-win32-x64\jre\21.0.12.1-win32-x86_64\bin\jimage.dll
0x00007ffeeaf10000 - 0x00007ffeeb152000 	C:\WINDOWS\SYSTEM32\DBGHELP.DLL
0x00007ffef7f80000 - 0x00007ffef8304000 	C:\WINDOWS\System32\combase.dll
0x00007ffef7b40000 - 0x00007ffef7c19000 	C:\WINDOWS\System32\OLEAUT32.dll
0x00007ffee4480000 - 0x00007ffee44bb000 	C:\WINDOWS\SYSTEM32\dbgcore.DLL
0x00007ffef6be0000 - 0x00007ffef6c8c000 	C:\WINDOWS\System32\bcryptPrimitives.dll
0x00007ffed9650000 - 0x00007ffed965f000 	c:\Users\Hype AMD\.vscode\extensions\redhat.java-1.56.0-win32-x64\jre\21.0.12.1-win32-x86_64\bin\instrument.dll
0x00007ffebd2c0000 - 0x00007ffebd2e0000 	c:\Users\Hype AMD\.vscode\extensions\redhat.java-1.56.0-win32-x64\jre\21.0.12.1-win32-x86_64\bin\java.dll
0x00007ffef8db0000 - 0x00007ffef9548000 	C:\WINDOWS\System32\SHELL32.dll
0x00007ffef45f0000 - 0x00007ffef4e9e000 	C:\WINDOWS\SYSTEM32\windows.storage.dll
0x00007ffef8cb0000 - 0x00007ffef8dab000 	C:\WINDOWS\System32\SHCORE.dll
0x00007ffef8410000 - 0x00007ffef8476000 	C:\WINDOWS\System32\shlwapi.dll
0x00007ffef6a70000 - 0x00007ffef6a99000 	C:\WINDOWS\SYSTEM32\profapi.dll
0x00007ffe9f8d0000 - 0x00007ffe9f8e8000 	c:\Users\Hype AMD\.vscode\extensions\redhat.java-1.56.0-win32-x64\jre\21.0.12.1-win32-x86_64\bin\zip.dll
0x00007ffed9400000 - 0x00007ffed9410000 	C:\Users\Hype AMD\.vscode\extensions\redhat.java-1.56.0-win32-x64\jre\21.0.12.1-win32-x86_64\bin\net.dll
0x00007ffeee2e0000 - 0x00007ffeee40a000 	C:\WINDOWS\SYSTEM32\WINHTTP.dll
0x00007ffef5de0000 - 0x00007ffef5e4c000 	C:\WINDOWS\system32\mswsock.dll
0x00007ffe9d910000 - 0x00007ffe9d926000 	C:\Users\Hype AMD\.vscode\extensions\redhat.java-1.56.0-win32-x64\jre\21.0.12.1-win32-x86_64\bin\nio.dll
0x00007ffed7800000 - 0x00007ffed7810000 	c:\Users\Hype AMD\.vscode\extensions\redhat.java-1.56.0-win32-x64\jre\21.0.12.1-win32-x86_64\bin\verify.dll
0x00007ffe9c4a0000 - 0x00007ffe9c4e5000 	C:\Users\Hype AMD\AppData\Roaming\Code\User\globalStorage\redhat.java\1.56.0\config_ss_win\org.eclipse.equinox.launcher\org.eclipse.equinox.launcher.win32.win32.x86_64_1.3.100.v20260804-1928\eclipse_11924.dll
0x00007ffef8960000 - 0x00007ffef8af9000 	C:\WINDOWS\System32\ole32.dll

JVMTI agents:
c:\Users\Hype AMD\.vscode\extensions\redhat.java-1.56.0-win32-x64\lombok\lombok-1.18.39-4050.jar path:c:\Users\Hype AMD\.vscode\extensions\redhat.java-1.56.0-win32-x64\jre\21.0.12.1-win32-x86_64\bin\instrument.dll, loaded, initialized, instrumentlib options:none

dbghelp: loaded successfully - version: 4.0.5 - missing functions: none
symbol engine: initialized successfully - sym options: 0x614 - pdb path: .;c:\Users\Hype AMD\.vscode\extensions\redhat.java-1.56.0-win32-x64\jre\21.0.12.1-win32-x86_64\bin;C:\WINDOWS\SYSTEM32;C:\WINDOWS\WinSxS\amd64_microsoft.windows.common-controls_6595b64144ccf1df_6.0.26100.9278_none_3e0d1ba8e3303201;C:\Program Files\Windhawk\Engine\1.7.3\64;c:\Users\Hype AMD\.vscode\extensions\redhat.java-1.56.0-win32-x64\jre\21.0.12.1-win32-x86_64\bin\server;C:\Users\Hype AMD\AppData\Roaming\Code\User\globalStorage\redhat.java\1.56.0\config_ss_win\org.eclipse.equinox.launcher\org.eclipse.equinox.launcher.win32.win32.x86_64_1.3.100.v20260804-1928

VM Arguments:
jvm_args: --add-modules=ALL-SYSTEM --add-opens=java.base/java.util=ALL-UNNAMED --add-opens=java.base/java.lang=ALL-UNNAMED --add-opens=java.base/sun.nio.fs=ALL-UNNAMED -Declipse.application=org.eclipse.jdt.ls.core.id1 -Dosgi.bundles.defaultStartLevel=4 -Declipse.product=org.eclipse.jdt.ls.core.product -Djava.import.generatesMetadataFilesAtProjectRoot=false -Dm2e.project.cache.size=50 -DDetectVMInstallationsJob.disabled=true -Dfile.encoding=utf8 -XX:+UseParallelGC -XX:GCTimeRatio=4 -XX:AdaptiveSizePolicyWeight=90 -Dsun.zip.disableMemoryMapping=true -Xmx2G -Xms100m -Xlog:disable -javaagent:c:\Users\Hype AMD\.vscode\extensions\redhat.java-1.56.0-win32-x64\lombok\lombok-1.18.39-4050.jar 
java_command: c:\Users\Hype AMD\.vscode\extensions\redhat.java-1.56.0-win32-x64\server\plugins\org.eclipse.equinox.launcher_1.8.0.v20260804-1928.jar -configuration c:\Users\Hype AMD\AppData\Roaming\Code\User\globalStorage\redhat.java\1.56.0\config_ss_win -data c:\Users\Hype AMD\AppData\Roaming\Code\User\workspaceStorage\231b5a178d19b40439cb0d8339f55621\redhat.java\ss_ws --pipe=\\.\pipe\lsp-cc1f6c0bb281cc515198d1af3668d674-sock
java_class_path (initial): c:\Users\Hype AMD\.vscode\extensions\redhat.java-1.56.0-win32-x64\server\plugins\org.eclipse.equinox.launcher_1.8.0.v20260804-1928.jar
Launcher Type: SUN_STANDARD

[Global flags]
    uintx AdaptiveSizePolicyWeight                 = 90                                        {product} {command line}
     intx CICompilerCount                          = 4                                         {product} {ergonomic}
    uintx GCTimeRatio                              = 4                                         {product} {command line}
   size_t InitialHeapSize                          = 104857600                                 {product} {command line}
   size_t MaxHeapSize                              = 2147483648                                {product} {command line}
   size_t MaxNewSize                               = 715653120                                 {product} {ergonomic}
   size_t MinHeapDeltaBytes                        = 524288                                    {product} {ergonomic}
   size_t MinHeapSize                              = 104857600                                 {product} {command line}
   size_t NewSize                                  = 34603008                                  {product} {ergonomic}
    uintx NonNMethodCodeHeapSize                   = 5839372                                {pd product} {ergonomic}
    uintx NonProfiledCodeHeapSize                  = 122909434                              {pd product} {ergonomic}
   size_t OldSize                                  = 70254592                                  {product} {ergonomic}
    uintx ProfiledCodeHeapSize                     = 122909434                              {pd product} {ergonomic}
    uintx ReservedCodeCacheSize                    = 251658240                              {pd product} {ergonomic}
     bool SegmentedCodeCache                       = true                                      {product} {ergonomic}
   size_t SoftMaxHeapSize                          = 2147483648                             {manageable} {ergonomic}
     bool UseCompressedOops                        = true                           {product lp64_product} {ergonomic}
     bool UseLargePagesIndividualAllocation        = false                                  {pd product} {ergonomic}
     bool UseParallelGC                            = true                                      {product} {command line}

Logging:
Log output configuration:
 #0: stdout all=off uptime,level,tags foldmultilines=false
 #1: stderr all=off uptime,level,tags foldmultilines=false

Release file:
JAVA_VERSION="21.0.12.1" 
MODULES="java.base java.compiler java.datatransfer java.xml java.prefs java.desktop java.instrument java.logging java.management java.security.sasl java.naming java.rmi java.management.rmi java.net.http java.scripting java.security.jgss java.transaction.xa java.sql java.sql.rowset java.xml.crypto java.se java.smartcardio jdk.accessibility jdk.internal.jvmstat jdk.attach jdk.charsets jdk.internal.opt jdk.zipfs jdk.compiler jdk.crypto.ec jdk.crypto.cryptoki jdk.crypto.mscapi jdk.dynalink jdk.internal.ed jdk.editpad jdk.hotspot.agent jdk.httpserver jdk.internal.le jdk.internal.vm.ci jdk.internal.vm.compiler jdk.internal.vm.compiler.management jdk.jartool jdk.javadoc jdk.jcmd jdk.management jdk.management.agent jdk.jconsole jdk.jdeps jdk.jdwp.agent jdk.jdi jdk.jfr jdk.jshell jdk.jsobject jdk.jstatd jdk.localedata jdk.management.jfr jdk.naming.dns jdk.naming.rmi jdk.net jdk.nio.mapmode jdk.random jdk.sctp jdk.security.auth jdk.security.jgss jdk.unsupported jdk.unsupported.desktop jdk.xml.dom" 

Environment Variables:
PATH=C:\Program Files\Common Files\Oracle\Java\javapath;C:\WINDOWS\system32;C:\WINDOWS;C:\WINDOWS\System32\Wbem;C:\WINDOWS\System32\WindowsPowerShell\v1.0\;C:\WINDOWS\System32\OpenSSH\;C:\Program Files\Git\cmd;C:\Program Files\PowerShell\7-preview\preview;C:\mingw64\bin;C:\Program Files\Java\jdk-25.0.4.1\bin;C:\Program Files\PowerShell\7\;C:\laragon\bin;C:\laragon\bin\apache\httpd-2.4.54-win64-VS16\bin;C:\laragon\bin\composer;C:\laragon\bin\git\bin;C:\laragon\bin\git\cmd;C:\laragon\bin\git\mingw64\bin;C:\laragon\bin\git\usr\bin;C:\laragon\bin\laragon\utils;C:\laragon\bin\mysql\mysql-8.0.30-winx64\bin;C:\laragon\bin\nginx\nginx-1.22.0;C:\laragon\bin\ngrok;C:\laragon\bin\nodejs\node-v18;C:\laragon\bin\notepad++;C:\laragon\bin\php\php-8.1.10-Win32-vs16-x64;C:\Users\Hype AMD\AppData\Local\Python\pythoncore-3.14-64\;C:\laragon\bin\python\pythoncore-3.14-64;C:\laragon\bin\python\pythoncore-3.14-64\Scripts;C:\laragon\bin\redis\redis-x64-5.0.14.1;C:\laragon\bin\telnet;C:\laragon\usr\bin;C:\Users\Hype AMD\AppData\Local\Yarn\config\global\node_modules\.bin;C:\Users\Hype AMD\AppData\Roaming\Composer\vendor\bin;C:\Users\Hype AMD\AppData\Roaming\npm;C:\Users\Hype AMD\AppData\Local\Microsoft\WindowsApps;C:\Users\Hype AMD\AppData\Local\Programs\Microsoft VS Code\bin;C:\Users\Hype AMD\AppData\Local\Python\bin;C:\mingw64\bin;C:\Program Files\Java\jdk-25.0.4.1;C:\Program Files\Java\jdk-25.0.4.1\bin;
USERNAME=Hype AMD
OS=Windows_NT
PROCESSOR_IDENTIFIER=AMD64 Family 23 Model 24 Stepping 1, AuthenticAMD
TMP=C:\Users\HYPEAM~1\AppData\Local\Temp
TEMP=C:\Users\HYPEAM~1\AppData\Local\Temp




Periodic native trim disabled

---------------  S Y S T E M  ---------------

OS:
 Windows 11 , 64 bit Build 26100 (10.0.26100.9278)
OS uptime: 0 days 5:12 hours

CPU: total 8 (initial active 8) (8 cores per cpu, 2 threads per core) family 23 model 24 stepping 1 microcode 0x8108109, cx8, cmov, fxsr, ht, mmx, 3dnowpref, sse, sse2, sse3, ssse3, sse4a, sse4.1, sse4.2, popcnt, lzcnt, tsc, tscinvbit, avx, avx2, aes, clmul, bmi1, bmi2, adx, sha, fma, vzeroupper, clflush, clflushopt, rdtscp, f16c
Processor Information for the first 8 processors :
  Max Mhz: 2100, Current Mhz: 2100, Mhz Limit: 2100

Memory: 4k page, system-wide physical 7883M (1341M free)
TotalPageFile size 32459M (AvailPageFile size 4M)
current process WorkingSet (physical memory assigned to process): 134M, peak: 136M
current process commit charge ("private bytes"): 273M, peak: 276M

vm_info: OpenJDK 64-Bit Server VM (21.0.12.1+1-LTS) for windows-amd64 JRE (21.0.12.1+1-LTS), built on 2026-08-18T00:00:00Z by "admin" with MS VC++ 17.12 (VS2022)

END.
